
> client@0.0.0 build
> tsc -b && vite build

src/api/index.ts(5,5): error TS6133: 'getAuthToken' is declared but its value is never read.
